// Jest Snapshot v1, https://goo.gl/fbAQLP

exports[`App renders 1`] = `
<div>
  <BrowserRouter>
    <HeaderNav />
    <Switch>
      <Route
        component={[Function]}
        exact={true}
        path="/"
      />
      <Route
        component={[Function]}
        exact={true}
        path="/watch"
      />
    </Switch>
  </BrowserRouter>
</div>
`;
